Copyright 1986-2022 Xilinx, Inc. All Rights Reserved. Copyright 2022-2024 Advanced Micro Devices, Inc. All Rights Reserved.
---------------------------------------------------------------------------------------------------------------------------------------------
| Tool Version : Vivado v.2024.1 (lin64) Build 5076996 Wed May 22 18:36:09 MDT 2024
| Date         : Thu Apr 10 04:41:38 2025
| Host         : edabk running 64-bit CentOS Linux release 7.9.2009 (Core)
| Command      : report_incremental_reuse -file top_u250_incremental_reuse_routed.rpt
| Design       : top_u250
| Device       : xcu250
| Design State : Routed
---------------------------------------------------------------------------------------------------------------------------------------------

Incremental Implementation Information

Table of Contents
-----------------
1. Incremental Flow Summary
2. Reuse Summary
3. Reference Checkpoint Information
4. Comparison with Reference Run
5. Optimization Comparison With Reference Run
5.1 iphys_opt_replay Optimizations
5.2 QoR Suggestion Optimizations
6. Command Comparison with Reference Run
6.1 Reference:
6.2 Incremental:
7. Non Reuse Information

1. Incremental Flow Summary
---------------------------

+-----------------------+------------------+
|    Flow Information   |       Value      |
+-----------------------+------------------+
| Synthesis Flow        |          Default |
| Auto Incremental      |              Yes |
| Incremental Directive | RuntimeOptimized |
| Target WNS            |              0.0 |
| QoR Suggestions       |                0 |
+-----------------------+------------------+


2. Reuse Summary
----------------

+-------+------------------------------+------------------------------------+----------------------------+--------------------+--------+
|  Type | Matched % (of Initial Total) | Initial Reuse % (of Initial Total) | Current Reuse % (of Total) | Fixed % (of Total) |  Total |
+-------+------------------------------+------------------------------------+----------------------------+--------------------+--------+
| Cells |                        71.04 |                              71.03 |                      58.98 |               0.68 |  66607 |
| Nets  |                        78.40 |                              71.11 |                      49.43 |               0.00 |  47259 |
| Pins  |                            - |                              69.10 |                      48.78 |                  - | 269656 |
| Ports |                       100.00 |                             100.00 |                     100.00 |             100.00 |    139 |
+-------+------------------------------+------------------------------------+----------------------------+--------------------+--------+


3. Reference Checkpoint Information
-----------------------------------

+----------------+----------------------------------------------------------------------------------------------------------------------+
| DCP Location:  | /home/huy_k66/Documents/dma_vivado/20241/mint_ddr4_mig/mint_ddr4_mig.srcs/utils_1/imports/impl_1/top_u250_routed.dcp |
+----------------+----------------------------------------------------------------------------------------------------------------------+


+--------------------------------+----------------------------+
|         DCP Information        |            Value           |
+--------------------------------+----------------------------+
| Vivado Version                 |                     2024.1 |
| DCP State                      |                 POST_ROUTE |
| Recorded WNS                   |                      0.185 |
| Recorded WHS                   |                      0.010 |
| Reference Speed File Version   | PRODUCTION 1.28 03-30-2022 |
| Incremental Speed File Version | PRODUCTION 1.28 03-30-2022 |
+--------------------------------+----------------------------+
* Recorded WNS/WHS timing numbers are estimated timing numbers. They may vary slightly from sign-off timing numbers.


4. Comparison with Reference Run
--------------------------------

+-----------------+---------------------------+---------------------------+---------------------------+
|                 |          WNS(ns)          |  Runtime(elapsed)(hh:mm)  |    Runtime(cpu)(hh:mm)    |
+-----------------+-------------+-------------+-------------+-------------+-------------+-------------+
|      Stage      |  Reference  | Incremental |  Reference  | Incremental |  Reference  | Incremental |
+-----------------+-------------+-------------+-------------+-------------+-------------+-------------+
| synth_design    |         N/A |         N/A |     < 1 min |     < 1 min |     < 1 min |       00:01 |
| opt_design      |             |             |       00:01 |       00:01 |       00:02 |       00:02 |
| read_checkpoint |             |             |       00:01 |       00:01 |       00:01 |       00:02 |
| place_design    |       0.186 |       0.203 |       00:03 |       00:05 |       00:09 |       00:14 |
| phys_opt_design |       0.186 |       0.203 |     < 1 min |     < 1 min |     < 1 min |     < 1 min |
| route_design    |       0.186 |       0.011 |       00:02 |       00:14 |       00:05 |       00:33 |
+-----------------+-------------+-------------+-------------+-------------+-------------+-------------+


5. Optimization Comparison With Reference Run
---------------------------------------------

5.1 iphys_opt_replay Optimizations
----------------------------------

+-------------------------+--------+------------+
| iphys_opt_design replay | Reused | Not Reused |
+-------------------------+--------+------------+
| fanout_opt              |      1 |          0 |
| equ_drivers_opt         |     15 |          2 |
+-------------------------+--------+------------+


5.2 QoR Suggestion Optimizations
--------------------------------

+-------------------------------------+-------+
|           QoR Suggestions           | Value |
+-------------------------------------+-------+
| QoR Suggestions (Recommended)       |     0 |
|   Suggestions Included In Reference |     0 |
|     Yet to apply                    |     0 |
|     Applied                         |     0 |
|     Failed to apply                 |     0 |
|   New Suggestions (INCR_FRIENDLY=1) |     0 |
|     Yet to apply                    |     0 |
|     Applied                         |     0 |
|     Failed to apply                 |     0 |
| QoR Suggestions (Not Recommended)   |     0 |
|   New Suggestions (INCR_FRIENDLY=0) |     0 |
|     Yet to apply                    |     0 |
|     Applied                         |     0 |
|     Failed to apply                 |     0 |
| Disabled New Suggestions            |     0 |
+-------------------------------------+-------+


6. Command Comparison with Reference Run
----------------------------------------

6.1 Reference:
--------------
synth_design-define default::[not_specified] -verilog_define default::[not_specified] -vhdl_define default::[not_specified] -top  top_u250 -part  xcu250-figd2104-2L-e 
opt_design
read_checkpoint -directive RuntimeOptimized  -incremental -auto_incremental /home/huy_k66/Documents/dma_vivado/20241/mint_ddr4_mig/mint_ddr4_mig.srcs/utils_1/imports/impl_1/top_u250_routed.dcp
place_design
phys_opt_design
route_design

6.2 Incremental:
----------------
synth_design-define default::[not_specified] -verilog_define default::[not_specified] -vhdl_define default::[not_specified] -top  top_u250 -part  xcu250-figd2104-2L-e 
opt_design
read_checkpoint -directive RuntimeOptimized  -incremental -auto_incremental /home/huy_k66/Documents/dma_vivado/20241/mint_ddr4_mig/mint_ddr4_mig.srcs/utils_1/imports/impl_1/top_u250_routed.dcp
place_design
phys_opt_design
route_design

7. Non Reuse Information
------------------------

+------------------------------------------------------+-------+
|                         Type                         |   %   |
+------------------------------------------------------+-------+
| Non-Reused Cells                                     | 41.01 |
|   New                                                | 28.75 |
|   Discarded illegal placement due to netlist changes |  0.04 |
|   Discarded to improve timing                        | 12.21 |
| Partially reused nets                                |  5.90 |
| Non-Reused nets                                      | 44.65 |
| Non-Reused Ports                                     |  0.00 |
+------------------------------------------------------+-------+


